
> Configure project :
-------------------------------------
NeoGradle detected a problem with your project: Run.getProgramArguments()
Details: The method getProgramArguments() is deprecated and will be removed in the future
Potential Solution: Use getArguments() instead of getProgramArguments()
More information: https://github.com/neoforged/NeoGradle/blob/NG_7.0/README.md#common-runs-configuration-types-configure-by-type
-------------------------------------

> Task :cacheVersionManifest1.20.1 UP-TO-DATE
> Task :cacheVersionExecutableClient1.20.1 UP-TO-DATE
> Task :cacheVersionExecutableServer1.20.1 UP-TO-DATE
> Task :cacheVersionMappingsClient1.20.1 UP-TO-DATE
> Task :cacheVersionMappingsServer1.20.1 UP-TO-DATE
> Task :neoFormListLibraries UP-TO-DATE
> Task :neoFormStripClient UP-TO-DATE
> Task :neoFormExtractServer UP-TO-DATE
> Task :neoFormStripServer UP-TO-DATE
> Task :neoFormMerge UP-TO-DATE
> Task :neoFormMergeMappings UP-TO-DATE
> Task :neoFormRename UP-TO-DATE
> Task :neoFormDecompile UP-TO-DATE
> Task :create1.20.1ClientExtraJar UP-TO-DATE
> Task :selectRawArtifactNg_dummy_ng.net.minecraft_client_1.20.1_client-extra UP-TO-DATE
> Task :neoFormApplyForgesAccessTransformer UP-TO-DATE
> Task :neoFormInject UP-TO-DATE
^C